Выполняется версия системы ASTRAL от 16.05.2023  
Имя файла-задания: 
RR.JOB                                                                  
Дата  16.05.2023    Время  11:37:36
                                                                               
@******************************************************                        
***  Тестирование модифицированной команды ППОВ ВКП ***                        
***                 (16ю05ю2023)                    ***                        
*******************************************************                        
**        Вызов исходной поверхности и контуров поверхности шаблона            
/БД      - РАБОТА С БАЗОЙ ДАННЫХ (БД - НА 1000 МАССИВОВ)                       
                                                                               
/УОР     ВСЕ МАССИВЫ РАЗДЕЛА  99**  УДАЛЯЮТСЯ !!! Вы согласны? (ДА/;-НЕТ): ДА  
                                                                               
/АРФА    - РАБОТА С АРХИВАМИ, ФАЙЛАМИ                                          
                                                                               
/ФБД     Полное имя файла:       PVKD                                          
         Имя в БД (;-99**ПО00):  ;                                             
         Имя в БД (;-99**КР00):  ;                                             
         Имя в БД (;-99**КР01):  ;                                             
         Имя в БД (;-99**КР02):  ;                                             
         Имя в БД (;-99**КР03):  ;                                             
                                                                               
/ВЫХ                                                                           
                                                                               
**        Построение поверхности-шаблона по граничным кривым                   
/ППОВ    - ПОСТРОЕНИЕ ПОВЕРХНОСТЕЙ                                             
                                                                               
/ПВГ     Сегмент  1-ой  кривой:  КР00  ;                        (  Uк= 13  )   
         Сегмент  2-ой  кривой:  КР01  ;                        (  Uк= 24  )   
         Сегмент  3-ой  кривой:  КР02  ;                        (  Uк= 32  )   
         Сегмент  4-ой  кривой:  КР03  ;                        (  Uк= 35  )   
         Способ  назн. сетки U:  Р  число узлов:  15                           
         Способ  назн. сетки V:  Р  число узлов:  15                           
         Точность (;-0.01):      ;                                             
         Имя результата:         Ш                                             
         РАСХОЖДЕНИЯ В УГЛОВЫХ ТОЧКАХ:   0.000000+0   0.000000+0               
                                         0.000000+0   0.000000+0               
                                                                               
/ВЫХ                                                                           
                                                                               
**    Выделение сегмента исх. поверхности по шаблону (проец. по вектору)       
/ППОВ    - ПОСТРОЕНИЕ ПОВЕРХНОСТЕЙ                                             
                                                                               
/ВКП     Сегмент  основной  пов-ти:  ПО00  ;                 /Uк,Vк= 51   25   
             ее эквидистанта (;-0):  ;                                         
         Сегмент  пов-ти - шаблона:  Ш  ;                    /Uк,Vк= 15   15   
         Направление проецирования:  2           (1-нормаль,2-вектор)          
                            вектор:  -0.049  0.043  -0.1                       
         Тип сетки по параметру  U:  ;           (;-исходная,1-общая)          
         Тип сетки по параметру  V:  ;           (;-исходная,1-общая)          
         Точность (;-0.01):          ;                                         
         Имя результата:             Р1                                        
                                                                               
/ВЫХ                                                                           
                                                                               
**    Выделение сегмента исх. поверхности по шаблону (проец. по нормали)       
/ППОВ    - ПОСТРОЕНИЕ ПОВЕРХНОСТЕЙ                                             
                                                                               
/ВКП     Сегмент  основной  пов-ти:  ПО00  ;                 /Uк,Vк= 51   25   
             ее эквидистанта (;-0):  ;                                         
         Сегмент  пов-ти - шаблона:  Ш  ;                    /Uк,Vк= 15   15   
         Направление проецирования:  1           (1-нормаль,2-вектор)          
         Тип сетки по параметру  U:  ;           (;-исходная,1-общая)          
         Тип сетки по параметру  V:  ;           (;-исходная,1-общая)          
         Точность (;-0.01):          ;                                         
         Имя результата:             Р2                                        
                                                                               
/ВЫХ                                                                           
                                                                               
/РИСО    - ГРАФИЧЕСКОЕ ИЗОБРАЖЕНИЕ ОБЪЕКТОВ                                    
                                                                               
/С       Список изображаемых  элементов:                                       
           имя объекта (;-конец списка):  Р1                                   
              Uн,Vн,Uк,Vк,Эu,Эv (;-вся):  ;                  /Uк,Vк= 15   15   
                 размеры сетки по U и V:  ;         (0-нет сетки, 1,;-каркас)  
              номер  цвета/пера (; - 8):  2  (1-б,2-к,3-р,4-ж,5-з,6-г,7-с,8-ч) 
           имя объекта (;-конец списка):  Р2                                   
              Uн,Vн,Uк,Vк,Эu,Эv (;-вся):  ;                  /Uк,Vк= 15   15   
                 размеры сетки по U и V:  ;         (0-нет сетки, 1,;-каркас)  
              номер  цвета/пера (; - 8):  7  (1-б,2-к,3-р,4-ж,5-з,6-г,7-с,8-ч) 
           имя объекта (;-конец списка):  ;                                    
                                                                               
/Н       Направление  взгляда  (;,1/2) :  ;    (1-из точки сферы, 2-по вектору)
               AL,BE,GA (;-по оси (-X)):  -90  0  0                            
                                                                               
/И       И Д Е Т   Р А С Ч Е Т   И З О Б Р А Ж Е Н И Я !                       
         Направление  взгляда:  -0.194707-6   0.100000+1   0.000000+0          
                      масштаб:   0.149397+0                                    
                                                                               
/Д       Список  добавляемых  элементов:                                       
           имя объекта (;-конец списка):  Ш                                    
              Uн,Vн,Uк,Vк,Эu,Эv (;-вся):  ;                  /Uк,Vк= 15   15   
                 размеры сетки по U и V:  ;         (0-нет сетки, 1,;-каркас)  
              номер  цвета/пера (; - 8):  ;  (1-б,2-к,3-р,4-ж,5-з,6-г,7-с,8-ч) 
           имя объекта (;-конец списка):  ;                                    
                                                                               
/И       И Д Е Т   Р А С Ч Е Т   И З О Б Р А Ж Е Н И Я !                       
         Направление  взгляда:  -0.194707-6   0.100000+1   0.000000+0          
                      масштаб:   0.149397+0                                    
                                                                               
/КНЦ                                                                           
                                                                               
/БД      - РАБОТА С БАЗОЙ ДАННЫХ (БД - НА 1000 МАССИВОВ)                       
                                                                               
/АРФА    - РАБОТА С АРХИВАМИ, ФАЙЛАМИ                                          
                                                                               
/IGES    - РАБОТА В СТАНДАРТЕ IGS                                              
                                                                               
/АФ      Имя объекта (;-конец)  Метка (;/=/8 симв.)  Уровень  Цвет (0-8)       
         ---------------------------------------------------------------       
               ПО00                 surf              ;         ;              
               КР00                 C1                ;         ;              
               КР01                 C2                ;         ;              
               КР02                 C3                ;         ;              
               КР03                 C4                ;         ;              
               Ш                    template          ;         2              
               Р1                   project           ;         2              
               Р2                   normal            ;         2              
               ;                                                               
         Имя файла:       test                                                 
                                                                               
/                                                                              
                                                                               
                                                                               
Затраченное время  00:00:08
